Archive member included to satisfy reference by file (symbol)

c:/st/stm32cubeide_1.7.0/stm32cubeide/plugins/com.st.stm32cube.ide.mcu.externaltools.gnu-tools-for-stm32.9-2020-q2-update.win32_2.0.0.202105311346/tools/bin/../lib/gcc/arm-none-eabi/9.3.1/../../../../arm-none-eabi/lib/thumb/v7-m/nofp\libc_nano.a(lib_a-errno.o)
                              ./Core/Src/syscalls.o (__errno)
c:/st/stm32cubeide_1.7.0/stm32cubeide/plugins/com.st.stm32cube.ide.mcu.externaltools.gnu-tools-for-stm32.9-2020-q2-update.win32_2.0.0.202105311346/tools/bin/../lib/gcc/arm-none-eabi/9.3.1/../../../../arm-none-eabi/lib/thumb/v7-m/nofp\libc_nano.a(lib_a-exit.o)
                              c:/st/stm32cubeide_1.7.0/stm32cubeide/plugins/com.st.stm32cube.ide.mcu.externaltools.gnu-tools-for-stm32.9-2020-q2-update.win32_2.0.0.202105311346/tools/bin/../lib/gcc/arm-none-eabi/9.3.1/../../../../arm-none-eabi/lib/thumb/v7-m/nofp/crt0.o (exit)
c:/st/stm32cubeide_1.7.0/stm32cubeide/plugins/com.st.stm32cube.ide.mcu.externaltools.gnu-tools-for-stm32.9-2020-q2-update.win32_2.0.0.202105311346/tools/bin/../lib/gcc/arm-none-eabi/9.3.1/../../../../arm-none-eabi/lib/thumb/v7-m/nofp\libc_nano.a(lib_a-impure.o)
                              c:/st/stm32cubeide_1.7.0/stm32cubeide/plugins/com.st.stm32cube.ide.mcu.externaltools.gnu-tools-for-stm32.9-2020-q2-update.win32_2.0.0.202105311346/tools/bin/../lib/gcc/arm-none-eabi/9.3.1/../../../../arm-none-eabi/lib/thumb/v7-m/nofp\libc_nano.a(lib_a-exit.o) (_global_impure_ptr)
c:/st/stm32cubeide_1.7.0/stm32cubeide/plugins/com.st.stm32cube.ide.mcu.externaltools.gnu-tools-for-stm32.9-2020-q2-update.win32_2.0.0.202105311346/tools/bin/../lib/gcc/arm-none-eabi/9.3.1/../../../../arm-none-eabi/lib/thumb/v7-m/nofp\libc_nano.a(lib_a-init.o)
                              c:/st/stm32cubeide_1.7.0/stm32cubeide/plugins/com.st.stm32cube.ide.mcu.externaltools.gnu-tools-for-stm32.9-2020-q2-update.win32_2.0.0.202105311346/tools/bin/../lib/gcc/arm-none-eabi/9.3.1/../../../../arm-none-eabi/lib/thumb/v7-m/nofp/crt0.o (__libc_init_array)
c:/st/stm32cubeide_1.7.0/stm32cubeide/plugins/com.st.stm32cube.ide.mcu.externaltools.gnu-tools-for-stm32.9-2020-q2-update.win32_2.0.0.202105311346/tools/bin/../lib/gcc/arm-none-eabi/9.3.1/../../../../arm-none-eabi/lib/thumb/v7-m/nofp\libc_nano.a(lib_a-memset.o)
                              c:/st/stm32cubeide_1.7.0/stm32cubeide/plugins/com.st.stm32cube.ide.mcu.externaltools.gnu-tools-for-stm32.9-2020-q2-update.win32_2.0.0.202105311346/tools/bin/../lib/gcc/arm-none-eabi/9.3.1/../../../../arm-none-eabi/lib/thumb/v7-m/nofp/crt0.o (memset)

Allocating common symbols
Common symbol       size              file

ButtonPool          0x54              ./Core/Src/button.o
uwTick              0x4               ./Drivers/STM32F1xx_HAL_Driver/Src/stm32f1xx_hal.o
pFlash              0x20              ./Drivers/STM32F1xx_HAL_Driver/Src/stm32f1xx_hal_flash.o
timerPool           0x50              ./Core/Src/software_timer.o
htim2               0x48              ./Core/Src/main.o

Discarded input sections

 .text          0x0000000000000000        0x0 c:/st/stm32cubeide_1.7.0/stm32cubeide/plugins/com.st.stm32cube.ide.mcu.externaltools.gnu-tools-for-stm32.9-2020-q2-update.win32_2.0.0.202105311346/tools/bin/../lib/gcc/arm-none-eabi/9.3.1/thumb/v7-m/nofp/crti.o
 .data          0x0000000000000000        0x0 c:/st/stm32cubeide_1.7.0/stm32cubeide/plugins/com.st.stm32cube.ide.mcu.externaltools.gnu-tools-for-stm32.9-2020-q2-update.win32_2.0.0.202105311346/tools/bin/../lib/gcc/arm-none-eabi/9.3.1/thumb/v7-m/nofp/crti.o
 .bss           0x0000000000000000        0x0 c:/st/stm32cubeide_1.7.0/stm32cubeide/plugins/com.st.stm32cube.ide.mcu.externaltools.gnu-tools-for-stm32.9-2020-q2-update.win32_2.0.0.202105311346/tools/bin/../lib/gcc/arm-none-eabi/9.3.1/thumb/v7-m/nofp/crti.o
 .data          0x0000000000000000        0x4 c:/st/stm32cubeide_1.7.0/stm32cubeide/plugins/com.st.stm32cube.ide.mcu.externaltools.gnu-tools-for-stm32.9-2020-q2-update.win32_2.0.0.202105311346/tools/bin/../lib/gcc/arm-none-eabi/9.3.1/thumb/v7-m/nofp/crtbegin.o
 .text          0x0000000000000000       0x7c c:/st/stm32cubeide_1.7.0/stm32cubeide/plugins/com.st.stm32cube.ide.mcu.externaltools.gnu-tools-for-stm32.9-2020-q2-update.win32_2.0.0.202105311346/tools/bin/../lib/gcc/arm-none-eabi/9.3.1/../../../../arm-none-eabi/lib/thumb/v7-m/nofp/crt0.o
 .data          0x0000000000000000        0x0 c:/st/stm32cubeide_1.7.0/stm32cubeide/plugins/com.st.stm32cube.ide.mcu.externaltools.gnu-tools-for-stm32.9-2020-q2-update.win32_2.0.0.202105311346/tools/bin/../lib/gcc/arm-none-eabi/9.3.1/../../../../arm-none-eabi/lib/thumb/v7-m/nofp/crt0.o
 .bss           0x0000000000000000        0x0 c:/st/stm32cubeide_1.7.0/stm32cubeide/plugins/com.st.stm32cube.ide.mcu.externaltools.gnu-tools-for-stm32.9-2020-q2-update.win32_2.0.0.202105311346/tools/bin/../lib/gcc/arm-none-eabi/9.3.1/../../../../arm-none-eabi/lib/thumb/v7-m/nofp/crt0.o
[...]
Memory Configuration

Name             Origin             Length             Attributes
RAM              0x0000000020000000 0x0000000000002800 xrw
FLASH            0x0000000008000000 0x0000000000008000 xr
*default*        0x0000000000000000 0xffffffffffffffff

Linker script and memory map

LOAD c:/st/stm32cubeide_1.7.0/stm32cubeide/plugins/com.st.stm32cube.ide.mcu.externaltools.gnu-tools-for-stm32.9-2020-q2-update.win32_2.0.0.202105311346/tools/bin/../lib/gcc/arm-none-eabi/9.3.1/thumb/v7-m/nofp/crti.o
LOAD c:/st/stm32cubeide_1.7.0/stm32cubeide/plugins/com.st.stm32cube.ide.mcu.externaltools.gnu-tools-for-stm32.9-2020-q2-update.win32_2.0.0.202105311346/tools/bin/../lib/gcc/arm-none-eabi/9.3.1/thumb/v7-m/nofp/crtbegin.o
LOAD c:/st/stm32cubeide_1.7.0/stm32cubeide/plugins/com.st.stm32cube.ide.mcu.externaltools.gnu-tools-for-stm32.9-2020-q2-update.win32_2.0.0.202105311346/tools/bin/../lib/gcc/arm-none-eabi/9.3.1/../../../../arm-none-eabi/lib/thumb/v7-m/nofp/crt0.o
LOAD ./Core/Src/button.o
LOAD ./Core/Src/global.o
LOAD ./Core/Src/light_traffic.o
LOAD ./Core/Src/main.o
LOAD ./Core/Src/mode_manage.o
LOAD ./Core/Src/mode_manual.o
LOAD ./Core/Src/mode_normal.o
LOAD ./Core/Src/schedular.o
LOAD ./Core/Src/software_timer.o
LOAD ./Core/Src/stm32f1xx_hal_msp.o
LOAD ./Core/Src/stm32f1xx_it.o
LOAD ./Core/Src/syscalls.o
LOAD ./Core/Src/sysmem.o
LOAD ./Core/Src/system_stm32f1xx.o
LOAD ./Core/Startup/startup_stm32f103c6ux.o
LOAD ./Drivers/STM32F1xx_HAL_Driver/Src/stm32f1xx_hal.o
LOAD ./Drivers/STM32F1xx_HAL_Driver/Src/stm32f1xx_hal_cortex.o
LOAD ./Drivers/STM32F1xx_HAL_Driver/Src/stm32f1xx_hal_dma.o
LOAD ./Drivers/STM32F1xx_HAL_Driver/Src/stm32f1xx_hal_exti.o
LOAD ./Drivers/STM32F1xx_HAL_Driver/Src/stm32f1xx_hal_flash.o
LOAD ./Drivers/STM32F1xx_HAL_Driver/Src/stm32f1xx_hal_flash_ex.o
LOAD ./Drivers/STM32F1xx_HAL_Driver/Src/stm32f1xx_hal_gpio.o
LOAD ./Drivers/STM32F1xx_HAL_Driver/Src/stm32f1xx_hal_gpio_ex.o
LOAD ./Drivers/STM32F1xx_HAL_Driver/Src/stm32f1xx_hal_pwr.o
LOAD ./Drivers/STM32F1xx_HAL_Driver/Src/stm32f1xx_hal_rcc.o
LOAD ./Drivers/STM32F1xx_HAL_Driver/Src/stm32f1xx_hal_rcc_ex.o
LOAD ./Drivers/STM32F1xx_HAL_Driver/Src/stm32f1xx_hal_tim.o
LOAD ./Drivers/STM32F1xx_HAL_Driver/Src/stm32f1xx_hal_tim_ex.o
START GROUP
LOAD c:/st/stm32cubeide_1.7.0/stm32cubeide/plugins/com.st.stm32cube.ide.mcu.externaltools.gnu-tools-for-stm32.9-2020-q2-update.win32_2.0.0.202105311346/tools/bin/../lib/gcc/arm-none-eabi/9.3.1/../../../../arm-none-eabi/lib/thumb/v7-m/nofp\libc_nano.a
LOAD c:/st/stm32cubeide_1.7.0/stm32cubeide/plugins/com.st.stm32cube.ide.mcu.externaltools.gnu-tools-for-stm32.9-2020-q2-update.win32_2.0.0.202105311346/tools/bin/../lib/gcc/arm-none-eabi/9.3.1/../../../../arm-none-eabi/lib/thumb/v7-m/nofp\libm.a
END GROUP
START GROUP
LOAD c:/st/stm32cubeide_1.7.0/stm32cubeide/plugins/com.st.stm32cube.ide.mcu.externaltools.gnu-tools-for-stm32.9-2020-q2-update.win32_2.0.0.202105311346/tools/bin/../lib/gcc/arm-none-eabi/9.3.1/thumb/v7-m/nofp\libgcc.a
LOAD c:/st/stm32cubeide_1.7.0/stm32cubeide/plugins/com.st.stm32cube.ide.mcu.externaltools.gnu-tools-for-stm32.9-2020-q2-update.win32_2.0.0.202105311346/tools/bin/../lib/gcc/arm-none-eabi/9.3.1/../../../../arm-none-eabi/lib/thumb/v7-m/nofp\libc_nano.a
END GROUP
START GROUP
LOAD c:/st/stm32cubeide_1.7.0/stm32cubeide/plugins/com.st.stm32cube.ide.mcu.externaltools.gnu-tools-for-stm32.9-2020-q2-update.win32_2.0.0.202105311346/tools/bin/../lib/gcc/arm-none-eabi/9.3.1/thumb/v7-m/nofp\libgcc.a
LOAD c:/st/stm32cubeide_1.7.0/stm32cubeide/plugins/com.st.stm32cube.ide.mcu.externaltools.gnu-tools-for-stm32.9-2020-q2-update.win32_2.0.0.202105311346/tools/bin/../lib/gcc/arm-none-eabi/9.3.1/../../../../arm-none-eabi/lib/thumb/v7-m/nofp\libc_nano.a
LOAD c:/st/stm32cubeide_1.7.0/stm32cubeide/plugins/com.st.stm32cube.ide.mcu.externaltools.gnu-tools-for-stm32.9-2020-q2-update.win32_2.0.0.202105311346/tools/bin/../lib/gcc/arm-none-eabi/9.3.1/../../../../arm-none-eabi/lib/thumb/v7-m/nofp\libnosys.a
END GROUP
START GROUP
LOAD c:/st/stm32cubeide_1.7.0/stm32cubeide/plugins/com.st.stm32cube.ide.mcu.externaltools.gnu-tools-for-stm32.9-2020-q2-update.win32_2.0.0.202105311346/tools/bin/../lib/gcc/arm-none-eabi/9.3.1/thumb/v7-m/nofp\libgcc.a
LOAD c:/st/stm32cubeide_1.7.0/stm32cubeide/plugins/com.st.stm32cube.ide.mcu.externaltools.gnu-tools-for-stm32.9-2020-q2-update.win32_2.0.0.202105311346/tools/bin/../lib/gcc/arm-none-eabi/9.3.1/../../../../arm-none-eabi/lib/thumb/v7-m/nofp\libc_nano.a
LOAD c:/st/stm32cubeide_1.7.0/stm32cubeide/plugins/com.st.stm32cube.ide.mcu.externaltools.gnu-tools-for-stm32.9-2020-q2-update.win32_2.0.0.202105311346/tools/bin/../lib/gcc/arm-none-eabi/9.3.1/../../../../arm-none-eabi/lib/thumb/v7-m/nofp\libnosys.a
END GROUP
LOAD c:/st/stm32cubeide_1.7.0/stm32cubeide/plugins/com.st.stm32cube.ide.mcu.externaltools.gnu-tools-for-stm32.9-2020-q2-update.win32_2.0.0.202105311346/tools/bin/../lib/gcc/arm-none-eabi/9.3.1/thumb/v7-m/nofp/crtend.o
LOAD c:/st/stm32cubeide_1.7.0/stm32cubeide/plugins/com.st.stm32cube.ide.mcu.externaltools.gnu-tools-for-stm32.9-2020-q2-update.win32_2.0.0.202105311346/tools/bin/../lib/gcc/arm-none-eabi/9.3.1/thumb/v7-m/nofp/crtn.o
                0x0000000020002800                _estack = (ORIGIN (RAM) + LENGTH (RAM))
                0x0000000000000200                _Min_Heap_Size = 0x200
                0x0000000000000400                _Min_Stack_Size = 0x400

.isr_vector     0x0000000008000000      0x10c
                0x0000000008000000                . = ALIGN (0x4)
 *(.isr_vector)
 .isr_vector    0x0000000008000000      0x10c ./Core/Startup/startup_stm32f103c6ux.o
                0x0000000008000000                g_pfnVectors
                0x000000000800010c                . = ALIGN (0x4)

.text           0x000000000800010c     0x2cb0
                0x000000000800010c                . = ALIGN (0x4)
 *(.text)
 .text          0x000000000800010c       0x40 c:/st/stm32cubeide_1.7.0/stm32cubeide/plugins/com.st.stm32cube.ide.mcu.externaltools.gnu-tools-for-stm32.9-2020-q2-update.win32_2.0.0.202105311346/tools/bin/../lib/gcc/arm-none-eabi/9.3.1/thumb/v7-m/nofp/crtbegin.o
 *(.text*)
 .text.Button_init
                0x000000000800014c       0xa0 ./Core/Src/button.o
                0x000000000800014c                Button_init
 .text.isButtonPressed
                0x00000000080001ec       0x44 ./Core/Src/button.o
                0x00000000080001ec                isButtonPressed
 .text.subKeyProcess
                0x0000000008000230       0x28 ./Core/Src/button.o
                0x0000000008000230                subKeyProcess
 .text.getKeyInput
                0x0000000008000258      0x2d4 ./Core/Src/button.o
                0x0000000008000258                getKeyInput
 .text.Ledblinky
                0x000000000800052c       0x12 ./Core/Src/global.o
                0x000000000800052c                Ledblinky
 *fill*         0x000000000800053e        0x2 
 .text.led_off  0x0000000008000540       0x18 ./Core/Src/light_traffic.o
                0x0000000008000540                led_off
 .text.NS_green_WE_red
                0x0000000008000558       0x20 ./Core/Src/light_traffic.o
                0x0000000008000558                NS_green_WE_red
 .text.NS_yellow_WE_red
                0x0000000008000578       0x20 ./Core/Src/light_traffic.o
                0x0000000008000578                NS_yellow_WE_red
 .text.NS_red_WE_green
                0x0000000008000598       0x20 ./Core/Src/light_traffic.o
                0x0000000008000598                NS_red_WE_green
 .text.NS_red_WE_yellow
                0x00000000080005b8       0x20 ./Core/Src/light_traffic.o
                0x00000000080005b8                NS_red_WE_yellow
 .text.shiftByte
                0x00000000080005d8       0x64 ./Core/Src/light_traffic.o
                0x00000000080005d8                shiftByte
 .text.update4Digits
                0x000000000800063c       0x74 ./Core/Src/light_traffic.o
                0x000000000800063c                update4Digits
 .text.main     0x00000000080006b0       0x64 ./Core/Src/main.o
                0x00000000080006b0                main
 .text.SystemClock_Config
                0x0000000008000714       0x76 ./Core/Src/main.o
                0x0000000008000714                SystemClock_Config
 *fill*         0x000000000800078a        0x2 
 .text.MX_TIM2_Init
                0x000000000800078c       0x98 ./Core/Src/main.o
 .text.MX_GPIO_Init
                0x0000000008000824       0xc4 ./Core/Src/main.o
 .text.HAL_TIM_PeriodElapsedCallback
                0x00000000080008e8       0x14 ./Core/Src/main.o
                0x00000000080008e8                HAL_TIM_PeriodElapsedCallback
 .text.Error_Handler
                0x00000000080008fc        0xa ./Core/Src/main.o
                0x00000000080008fc                Error_Handler
 *fill*         0x0000000008000906        0x2 
 .text.status_led_modify_generic
                0x0000000008000908       0x60 ./Core/Src/mode_manage.o
                0x0000000008000908                status_led_modify_generic
 .text.FSM_Mode_Modify_run
                0x0000000008000968      0x28c ./Core/Src/mode_manage.o
                0x0000000008000968                FSM_Mode_Modify_run
 .text.FSM_Manager_run
                0x0000000008000bf4       0xa0 ./Core/Src/mode_manage.o
                0x0000000008000bf4                FSM_Manager_run
 .text.FSM_Mode_Manual_run
                0x0000000008000c94       0xb4 ./Core/Src/mode_manual.o
                0x0000000008000c94                FSM_Mode_Manual_run
 .text.Light_init
                0x0000000008000d48       0x48 ./Core/Src/mode_normal.o
                0x0000000008000d48                Light_init
 .text.FSM_Mode_Normal_run
                0x0000000008000d90      0x21c ./Core/Src/mode_normal.o
                0x0000000008000d90                FSM_Mode_Normal_run
 .text.SCH_Init
                0x0000000008000fac       0x18 ./Core/Src/schedular.o
                0x0000000008000fac                SCH_Init
 .text.SCH_Update_Tasks
                0x0000000008000fc4       0x50 ./Core/Src/schedular.o
                0x0000000008000fc4                SCH_Update_Tasks
 .text.SCH_Add_Tasks
                0x0000000008001014      0x2ac ./Core/Src/schedular.o
                0x0000000008001014                SCH_Add_Tasks
 .text.SCH_Delete_Task
                0x00000000080012c0      0x1ec ./Core/Src/schedular.o
                0x00000000080012c0                SCH_Delete_Task
 .text.SCH_Dispatch_Tasks
                0x00000000080014ac       0x50 ./Core/Src/schedular.o
                0x00000000080014ac                SCH_Dispatch_Tasks
 .text.Get_New_Task_ID
                0x00000000080014fc       0x30 ./Core/Src/schedular.o
                0x00000000080014fc                Get_New_Task_ID
 .text.Timer_init
                0x000000000800152c       0x34 ./Core/Src/software_timer.o
                0x000000000800152c                Timer_init
 .text.IsTimerExpired
                0x0000000008001560       0x38 ./Core/Src/software_timer.o
                0x0000000008001560                IsTimerExpired
 .text.Settimer
                0x0000000008001598       0x48 ./Core/Src/software_timer.o
                0x0000000008001598                Settimer
 .text.Timer_run
                0x00000000080015e0       0x60 ./Core/Src/software_timer.o
                0x00000000080015e0                Timer_run
 .text.HAL_MspInit
                0x0000000008001640       0x64 ./Core/Src/stm32f1xx_hal_msp.o
                0x0000000008001640                HAL_MspInit
 .text.HAL_TIM_Base_MspInit
                0x00000000080016a4       0x48 ./Core/Src/stm32f1xx_hal_msp.o
                0x00000000080016a4                HAL_TIM_Base_MspInit
 .text.NMI_Handler
                0x00000000080016ec        0x6 ./Core/Src/stm32f1xx_it.o
                0x00000000080016ec                NMI_Handler
 .text.HardFault_Handler
                0x00000000080016f2        0x6 ./Core/Src/stm32f1xx_it.o
                0x00000000080016f2                HardFault_Handler
 .text.MemManage_Handler
                0x00000000080016f8        0x6 ./Core/Src/stm32f1xx_it.o
                0x00000000080016f8                MemManage_Handler
 .text.BusFault_Handler
                0x00000000080016fe        0x6 ./Core/Src/stm32f1xx_it.o
                0x00000000080016fe                BusFault_Handler
 .text.UsageFault_Handler
                0x0000000008001704        0x6 ./Core/Src/stm32f1xx_it.o
                0x0000000008001704                UsageFault_Handler
 .text.SVC_Handler
                0x000000000800170a        0xc ./Core/Src/stm32f1xx_it.o
                0x000000000800170a                SVC_Handler
 .text.DebugMon_Handler
                0x0000000008001716        0xc ./Core/Src/stm32f1xx_it.o
                0x0000000008001716                DebugMon_Handler
 .text.PendSV_Handler
                0x0000000008001722        0xc ./Core/Src/stm32f1xx_it.o
                0x0000000008001722                PendSV_Handler
 .text.SysTick_Handler
                0x000000000800172e        0xc ./Core/Src/stm32f1xx_it.o
                0x000000000800172e                SysTick_Handler
 *fill*         0x000000000800173a        0x2 
 .text.TIM2_IRQHandler
                0x000000000800173c       0x14 ./Core/Src/stm32f1xx_it.o
                0x000000000800173c                TIM2_IRQHandler
 .text.SystemInit
                0x0000000008001750        0xc ./Core/Src/system_stm32f1xx.o
                0x0000000008001750                SystemInit
 .text.Reset_Handler
                0x000000000800175c       0x48 ./Core/Startup/startup_stm32f103c6ux.o
                0x000000000800175c                Reset_Handler
 .text.Default_Handler
                0x00000000080017a4        0x2 ./Core/Startup/startup_stm32f103c6ux.o
                0x00000000080017a4                RTC_Alarm_IRQHandler
                0x00000000080017a4                EXTI2_IRQHandler
                0x00000000080017a4                TIM1_CC_IRQHandler
                0x00000000080017a4                PVD_IRQHandler
                0x00000000080017a4                EXTI3_IRQHandler
                0x00000000080017a4                EXTI0_IRQHandler
                0x00000000080017a4                ADC1_2_IRQHandler
                0x00000000080017a4                SPI1_IRQHandler
                0x00000000080017a4                TAMPER_IRQHandler
                0x00000000080017a4                DMA1_Channel4_IRQHandler
                0x00000000080017a4                RTC_IRQHandler
                0x00000000080017a4                DMA1_Channel7_IRQHandler
                0x00000000080017a4                CAN1_RX1_IRQHandler
                0x00000000080017a4                I2C1_EV_IRQHandler
                0x00000000080017a4                DMA1_Channel6_IRQHandler
                0x00000000080017a4                TIM3_IRQHandler
                0x00000000080017a4                RCC_IRQHandler
                0x00000000080017a4                TIM1_TRG_COM_IRQHandler
                0x00000000080017a4                DMA1_Channel1_IRQHandler
                0x00000000080017a4                Default_Handler
                0x00000000080017a4                EXTI15_10_IRQHandler
                0x00000000080017a4                EXTI9_5_IRQHandler
                0x00000000080017a4                DMA1_Channel5_IRQHandler
                0x00000000080017a4                EXTI4_IRQHandler
                0x00000000080017a4                USB_LP_CAN1_RX0_IRQHandler
                0x00000000080017a4                USB_HP_CAN1_TX_IRQHandler
                0x00000000080017a4                DMA1_Channel3_IRQHandler
                0x00000000080017a4                TIM1_UP_IRQHandler
                0x00000000080017a4                WWDG_IRQHandler
                0x00000000080017a4                TIM1_BRK_IRQHandler
                0x00000000080017a4                EXTI1_IRQHandler
                0x00000000080017a4                USART2_IRQHandler
                0x00000000080017a4                DMA1_Channel2_IRQHandler
                0x00000000080017a4                CAN1_SCE_IRQHandler
                0x00000000080017a4                FLASH_IRQHandler
                0x00000000080017a4                USART1_IRQHandler
                0x00000000080017a4                I2C1_ER_IRQHandler
                0x00000000080017a4                USBWakeUp_IRQHandler
 *fill*         0x00000000080017a6        0x2 
 .text.HAL_Init
                0x00000000080017a8       0x2c ./Drivers/STM32F1xx_HAL_Driver/Src/stm32f1xx_hal.o
                0x00000000080017a8                HAL_Init
 .text.HAL_InitTick
                0x00000000080017d4       0x60 ./Drivers/STM32F1xx_HAL_Driver/Src/stm32f1xx_hal.o
                0x00000000080017d4                HAL_InitTick
 .text.HAL_IncTick
                0x0000000008001834       0x24 ./Drivers/STM32F1xx_HAL_Driver/Src/stm32f1xx_hal.o
                0x0000000008001834                HAL_IncTick
 .text.HAL_GetTick
                0x0000000008001858       0x14 ./Drivers/STM32F1xx_HAL_Driver/Src/stm32f1xx_hal.o
                0x0000000008001858                HAL_GetTick
 .text.__NVIC_SetPriorityGrouping
                0x000000000800186c       0x48 ./Drivers/STM32F1xx_HAL_Driver/Src/stm32f1xx_hal_cortex.o
 .text.__NVIC_GetPriorityGrouping
                0x00000000080018b4       0x1c ./Drivers/STM32F1xx_HAL_Driver/Src/stm32f1xx_hal_cortex.o
 .text.__NVIC_EnableIRQ
                0x00000000080018d0       0x38 ./Drivers/STM32F1xx_HAL_Driver/Src/stm32f1xx_hal_cortex.o
 .text.__NVIC_SetPriority
                0x0000000008001908       0x54 ./Drivers/STM32F1xx_HAL_Driver/Src/stm32f1xx_hal_cortex.o
 .text.NVIC_EncodePriority
                0x000000000800195c       0x64 ./Drivers/STM32F1xx_HAL_Driver/Src/stm32f1xx_hal_cortex.o
 .text.SysTick_Config
                0x00000000080019c0       0x44 ./Drivers/STM32F1xx_HAL_Driver/Src/stm32f1xx_hal_cortex.o
 .text.HAL_NVIC_SetPriorityGrouping
                0x0000000008001a04       0x16 ./Drivers/STM32F1xx_HAL_Driver/Src/stm32f1xx_hal_cortex.o
                0x0000000008001a04                HAL_NVIC_SetPriorityGrouping
 .text.HAL_NVIC_SetPriority
                0x0000000008001a1a       0x38 ./Drivers/STM32F1xx_HAL_Driver/Src/stm32f1xx_hal_cortex.o
                0x0000000008001a1a                HAL_NVIC_SetPriority
 .text.HAL_NVIC_EnableIRQ
                0x0000000008001a52       0x1c ./Drivers/STM32F1xx_HAL_Driver/Src/stm32f1xx_hal_cortex.o
                0x0000000008001a52                HAL_NVIC_EnableIRQ
 .text.HAL_SYSTICK_Config
                0x0000000008001a6e       0x18 ./Drivers/STM32F1xx_HAL_Driver/Src/stm32f1xx_hal_cortex.o
                0x0000000008001a6e                HAL_SYSTICK_Config
 *fill*         0x0000000008001a86        0x2 
 .text.HAL_GPIO_Init
                0x0000000008001a88      0x2f4 ./Drivers/STM32F1xx_HAL_Driver/Src/stm32f1xx_hal_gpio.o
                0x0000000008001a88                HAL_GPIO_Init
 .text.HAL_GPIO_ReadPin
                0x0000000008001d7c       0x2e ./Drivers/STM32F1xx_HAL_Driver/Src/stm32f1xx_hal_gpio.o
                0x0000000008001d7c                HAL_GPIO_ReadPin
 .text.HAL_GPIO_WritePin
                0x0000000008001daa       0x30 ./Drivers/STM32F1xx_HAL_Driver/Src/stm32f1xx_hal_gpio.o
                0x0000000008001daa                HAL_GPIO_WritePin
 *fill*         0x0000000008001dda        0x2 
 .text.HAL_RCC_OscConfig
                0x0000000008001ddc      0x500 ./Drivers/STM32F1xx_HAL_Driver/Src/stm32f1xx_hal_rcc.o
                0x0000000008001ddc                HAL_RCC_OscConfig
 .text.HAL_RCC_ClockConfig
                0x00000000080022dc      0x1d4 ./Drivers/STM32F1xx_HAL_Driver/Src/stm32f1xx_hal_rcc.o
                0x00000000080022dc                HAL_RCC_ClockConfig
 .text.HAL_RCC_GetSysClockFreq
                0x00000000080024b0       0xa8 ./Drivers/STM32F1xx_HAL_Driver/Src/stm32f1xx_hal_rcc.o
                0x00000000080024b0                HAL_RCC_GetSysClockFreq
 .text.RCC_Delay
                0x0000000008002558       0x3c ./Drivers/STM32F1xx_HAL_Driver/Src/stm32f1xx_hal_rcc.o
 .text.HAL_TIM_Base_Init
                0x0000000008002594       0x9e ./Drivers/STM32F1xx_HAL_Driver/Src/stm32f1xx_hal_tim.o
                0x0000000008002594                HAL_TIM_Base_Init
 *fill*         0x0000000008002632        0x2 
 .text.HAL_TIM_Base_Start_IT
                0x0000000008002634       0x98 ./Drivers/STM32F1xx_HAL_Driver/Src/stm32f1xx_hal_tim.o
                0x0000000008002634                HAL_TIM_Base_Start_IT
 .text.HAL_TIM_IRQHandler
                0x00000000080026cc      0x1e0 ./Drivers/STM32F1xx_HAL_Driver/Src/stm32f1xx_hal_tim.o
                0x00000000080026cc                HAL_TIM_IRQHandler
 .text.HAL_TIM_ConfigClockSource
                0x00000000080028ac      0x18e ./Drivers/STM32F1xx_HAL_Driver/Src/stm32f1xx_hal_tim.o
                0x00000000080028ac                HAL_TIM_ConfigClockSource
 .text.HAL_TIM_OC_DelayElapsedCallback
                0x0000000008002a3a       0x12 ./Drivers/STM32F1xx_HAL_Driver/Src/stm32f1xx_hal_tim.o
                0x0000000008002a3a                HAL_TIM_OC_DelayElapsedCallback
 .text.HAL_TIM_IC_CaptureCallback
                0x0000000008002a4c       0x12 ./Drivers/STM32F1xx_HAL_Driver/Src/stm32f1xx_hal_tim.o
                0x0000000008002a4c                HAL_TIM_IC_CaptureCallback
 .text.HAL_TIM_PWM_PulseFinishedCallback
                0x0000000008002a5e       0x12 ./Drivers/STM32F1xx_HAL_Driver/Src/stm32f1xx_hal_tim.o
                0x0000000008002a5e                HAL_TIM_PWM_PulseFinishedCallback
 .text.HAL_TIM_TriggerCallback
                0x0000000008002a70       0x12 ./Drivers/STM32F1xx_HAL_Driver/Src/stm32f1xx_hal_tim.o
                0x0000000008002a70                HAL_TIM_TriggerCallback
 *fill*         0x0000000008002a82        0x2 
 .text.TIM_Base_SetConfig
                0x0000000008002a84       0xc8 ./Drivers/STM32F1xx_HAL_Driver/Src/stm32f1xx_hal_tim.o
                0x0000000008002a84                TIM_Base_SetConfig
 .text.TIM_TI1_ConfigInputStage
                0x0000000008002b4c       0x5c ./Drivers/STM32F1xx_HAL_Driver/Src/stm32f1xx_hal_tim.o
 .text.TIM_TI2_ConfigInputStage
                0x0000000008002ba8       0x5e ./Drivers/STM32F1xx_HAL_Driver/Src/stm32f1xx_hal_tim.o
 .text.TIM_ITRx_SetConfig
                0x0000000008002c06       0x34 ./Drivers/STM32F1xx_HAL_Driver/Src/stm32f1xx_hal_tim.o
 .text.TIM_ETR_SetConfig
                0x0000000008002c3a       0x3e ./Drivers/STM32F1xx_HAL_Driver/Src/stm32f1xx_hal_tim.o
                0x0000000008002c3a                TIM_ETR_SetConfig
 .text.HAL_TIMEx_MasterConfigSynchronization
                0x0000000008002c78       0xb0 ./Drivers/STM32F1xx_HAL_Driver/Src/stm32f1xx_hal_tim_ex.o
                0x0000000008002c78                HAL_TIMEx_MasterConfigSynchronization
 .text.HAL_TIMEx_CommutCallback
                0x0000000008002d28       0x12 ./Drivers/STM32F1xx_HAL_Driver/Src/stm32f1xx_hal_tim_ex.o
                0x0000000008002d28                HAL_TIMEx_CommutCallback
 .text.HAL_TIMEx_BreakCallback
                0x0000000008002d3a       0x12 ./Drivers/STM32F1xx_HAL_Driver/Src/stm32f1xx_hal_tim_ex.o
                0x0000000008002d3a                HAL_TIMEx_BreakCallback
 .text.__libc_init_array
                0x0000000008002d4c       0x48 c:/st/stm32cubeide_1.7.0/stm32cubeide/plugins/com.st.stm32cube.ide.mcu.externaltools.gnu-tools-for-stm32.9-2020-q2-update.win32_2.0.0.202105311346/tools/bin/../lib/gcc/arm-none-eabi/9.3.1/../../../../arm-none-eabi/lib/thumb/v7-m/nofp\libc_nano.a(lib_a-init.o)
                0x0000000008002d4c                __libc_init_array
 .text.memset   0x0000000008002d94       0x10 c:/st/stm32cubeide_1.7.0/stm32cubeide/plugins/com.st.stm32cube.ide.mcu.externaltools.gnu-tools-for-stm32.9-2020-q2-update.win32_2.0.0.202105311346/tools/bin/../lib/gcc/arm-none-eabi/9.3.1/../../../../arm-none-eabi/lib/thumb/v7-m/nofp\libc_nano.a(lib_a-memset.o)
                0x0000000008002d94                memset
 *(.glue_7)
 .glue_7        0x0000000008002da4        0x0 linker stubs
 *(.glue_7t)
 .glue_7t       0x0000000008002da4        0x0 linker stubs
 *(.eh_frame)
 .eh_frame      0x0000000008002da4        0x0 c:/st/stm32cubeide_1.7.0/stm32cubeide/plugins/com.st.stm32cube.ide.mcu.externaltools.gnu-tools-for-stm32.9-2020-q2-update.win32_2.0.0.202105311346/tools/bin/../lib/gcc/arm-none-eabi/9.3.1/thumb/v7-m/nofp/crtbegin.o
 *(.init)
 .init          0x0000000008002da4        0x4 c:/st/stm32cubeide_1.7.0/stm32cubeide/plugins/com.st.stm32cube.ide.mcu.externaltools.gnu-tools-for-stm32.9-2020-q2-update.win32_2.0.0.202105311346/tools/bin/../lib/gcc/arm-none-eabi/9.3.1/thumb/v7-m/nofp/crti.o
                0x0000000008002da4                _init
 .init          0x0000000008002da8        0x8 c:/st/stm32cubeide_1.7.0/stm32cubeide/plugins/com.st.stm32cube.ide.mcu.externaltools.gnu-tools-for-stm32.9-2020-q2-update.win32_2.0.0.202105311346/tools/bin/../lib/gcc/arm-none-eabi/9.3.1/thumb/v7-m/nofp/crtn.o
 *(.fini)
 .fini          0x0000000008002db0        0x4 c:/st/stm32cubeide_1.7.0/stm32cubeide/plugins/com.st.stm32cube.ide.mcu.externaltools.gnu-tools-for-stm32.9-2020-q2-update.win32_2.0.0.202105311346/tools/bin/../lib/gcc/arm-none-eabi/9.3.1/thumb/v7-m/nofp/crti.o
                0x0000000008002db0                _fini
 .fini          0x0000000008002db4        0x8 c:/st/stm32cubeide_1.7.0/stm32cubeide/plugins/com.st.stm32cube.ide.mcu.externaltools.gnu-tools-for-stm32.9-2020-q2-update.win32_2.0.0.202105311346/tools/bin/../lib/gcc/arm-none-eabi/9.3.1/thumb/v7-m/nofp/crtn.o
                0x0000000008002dbc                . = ALIGN (0x4)
                0x0000000008002dbc                _etext = .

.vfp11_veneer   0x0000000008002dbc        0x0
 .vfp11_veneer  0x0000000008002dbc        0x0 linker stubs

.v4_bx          0x0000000008002dbc        0x0
 .v4_bx         0x0000000008002dbc        0x0 linker stubs

.iplt           0x0000000008002dbc        0x0
 .iplt          0x0000000008002dbc        0x0 c:/st/stm32cubeide_1.7.0/stm32cubeide/plugins/com.st.stm32cube.ide.mcu.externaltools.gnu-tools-for-stm32.9-2020-q2-update.win32_2.0.0.202105311346/tools/bin/../lib/gcc/arm-none-eabi/9.3.1/thumb/v7-m/nofp/crtbegin.o

.rodata         0x0000000008002dbc       0x60
                0x0000000008002dbc                . = ALIGN (0x4)
 *(.rodata)
 *(.rodata*)
 .rodata.button_map
                0x0000000008002dbc       0x18 ./Core/Src/button.o
 .rodata.segCode
                0x0000000008002dd4        0xa ./Core/Src/light_traffic.o
                0x0000000008002dd4                segCode
 *fill*         0x0000000008002dde        0x2 
 .rodata.redPins
                0x0000000008002de0        0x8 ./Core/Src/mode_manage.o
                0x0000000008002de0                redPins
 .rodata.amberPins
                0x0000000008002de8        0x8 ./Core/Src/mode_manage.o
                0x0000000008002de8                amberPins
 .rodata.greenPins
                0x0000000008002df0        0x8 ./Core/Src/mode_manage.o
                0x0000000008002df0                greenPins
 .rodata.AHBPrescTable
                0x0000000008002df8       0x10 ./Core/Src/system_stm32f1xx.o
                0x0000000008002df8                AHBPrescTable
 .rodata.aPLLMULFactorTable.6032
                0x0000000008002e08       0x10 ./Drivers/STM32F1xx_HAL_Driver/Src/stm32f1xx_hal_rcc.o
 .rodata.aPredivFactorTable.6033
                0x0000000008002e18        0x2 ./Drivers/STM32F1xx_HAL_Driver/Src/stm32f1xx_hal_rcc.o
                0x0000000008002e1c                . = ALIGN (0x4)
 *fill*         0x0000000008002e1a        0x2 

.rel.dyn        0x0000000008002e1c        0x0
 .rel.iplt      0x0000000008002e1c        0x0 c:/st/stm32cubeide_1.7.0/stm32cubeide/plugins/com.st.stm32cube.ide.mcu.externaltools.gnu-tools-for-stm32.9-2020-q2-update.win32_2.0.0.202105311346/tools/bin/../lib/gcc/arm-none-eabi/9.3.1/thumb/v7-m/nofp/crtbegin.o

.ARM.extab      0x0000000008002e1c        0x0
                0x0000000008002e1c                . = ALIGN (0x4)
 *(.ARM.extab* .gnu.linkonce.armextab.*)
                0x0000000008002e1c                . = ALIGN (0x4)

.ARM            0x0000000008002e1c        0x0
                0x0000000008002e1c                . = ALIGN (0x4)
                0x0000000008002e1c                __exidx_start = .
 *(.ARM.exidx*)
                0x0000000008002e1c                __exidx_end = .
                0x0000000008002e1c                . = ALIGN (0x4)

.preinit_array  0x0000000008002e1c        0x0
                0x0000000008002e1c                . = ALIGN (0x4)
                0x0000000008002e1c                PROVIDE (__preinit_array_start = .)
 *(.preinit_array*)
                0x0000000008002e1c                PROVIDE (__preinit_array_end = .)
                0x0000000008002e1c                . = ALIGN (0x4)

.init_array     0x0000000008002e1c        0x4
                0x0000000008002e1c                . = ALIGN (0x4)
                0x0000000008002e1c                PROVIDE (__init_array_start = .)
 *(SORT_BY_NAME(.init_array.*))
 *(.init_array*)
 .init_array    0x0000000008002e1c        0x4 c:/st/stm32cubeide_1.7.0/stm32cubeide/plugins/com.st.stm32cube.ide.mcu.externaltools.gnu-tools-for-stm32.9-2020-q2-update.win32_2.0.0.202105311346/tools/bin/../lib/gcc/arm-none-eabi/9.3.1/thumb/v7-m/nofp/crtbegin.o
                0x0000000008002e20                PROVIDE (__init_array_end = .)
                0x0000000008002e20                . = ALIGN (0x4)

.fini_array     0x0000000008002e20        0x4
                0x0000000008002e20                . = ALIGN (0x4)
                [!provide]                        PROVIDE (__fini_array_start = .)
 *(SORT_BY_NAME(.fini_array.*))
 *(.fini_array*)
 .fini_array    0x0000000008002e20        0x4 c:/st/stm32cubeide_1.7.0/stm32cubeide/plugins/com.st.stm32cube.ide.mcu.externaltools.gnu-tools-for-stm32.9-2020-q2-update.win32_2.0.0.202105311346/tools/bin/../lib/gcc/arm-none-eabi/9.3.1/thumb/v7-m/nofp/crtbegin.o
                [!provide]                        PROVIDE (__fini_array_end = .)
                0x0000000008002e24                . = ALIGN (0x4)
                0x0000000008002e24                _sidata = LOADADDR (.data)

.data           0x0000000020000000       0x24 load address 0x0000000008002e24
                0x0000000020000000                . = ALIGN (0x4)
                0x0000000020000000                _sdata = .
 *(.data)
 *(.data*)
 .data.g_current_mode
                0x0000000020000000        0x4 ./Core/Src/mode_manage.o
                0x0000000020000000                g_current_mode
 .data.g_timeRed_setting
                0x0000000020000004        0x4 ./Core/Src/mode_manage.o
                0x0000000020000004                g_timeRed_setting
 .data.g_timeAmber_setting
                0x0000000020000008        0x4 ./Core/Src/mode_manage.o
                0x0000000020000008                g_timeAmber_setting
 .data.g_timeGreen_setting
                0x000000002000000c        0x4 ./Core/Src/mode_manage.o
                0x000000002000000c                g_timeGreen_setting
 .data.fsm_modify_light_status
                0x0000000020000010        0x4 ./Core/Src/mode_manage.o
                0x0000000020000010                fsm_modify_light_status
 .data.fsm_normal_status
                0x0000000020000014        0x4 ./Core/Src/mode_normal.o
                0x0000000020000014                fsm_normal_status
 .data.SystemCoreClock
                0x0000000020000018        0x4 ./Core/Src/system_stm32f1xx.o
                0x0000000020000018                SystemCoreClock
 .data.uwTickPrio
                0x000000002000001c        0x4 ./Drivers/STM32F1xx_HAL_Driver/Src/stm32f1xx_hal.o
                0x000000002000001c                uwTickPrio
 .data.uwTickFreq
                0x0000000020000020        0x1 ./Drivers/STM32F1xx_HAL_Driver/Src/stm32f1xx_hal.o
                0x0000000020000020                uwTickFreq
 *(.RamFunc)
 *(.RamFunc*)
                0x0000000020000024                . = ALIGN (0x4)
 *fill*         0x0000000020000021        0x3 
                0x0000000020000024                _edata = .

.igot.plt       0x0000000020000024        0x0 load address 0x0000000008002e48
 .igot.plt      0x0000000020000024        0x0 c:/st/stm32cubeide_1.7.0/stm32cubeide/plugins/com.st.stm32cube.ide.mcu.externaltools.gnu-tools-for-stm32.9-2020-q2-update.win32_2.0.0.202105311346/tools/bin/../lib/gcc/arm-none-eabi/9.3.1/thumb/v7-m/nofp/crtbegin.o
                0x0000000020000024                . = ALIGN (0x4)

.bss            0x0000000020000024      0x164 load address 0x0000000008002e48
                0x0000000020000024                _sbss = .
                0x0000000020000024                __bss_start__ = _sbss
 *(.bss)
 .bss           0x0000000020000024       0x1c c:/st/stm32cubeide_1.7.0/stm32cubeide/plugins/com.st.stm32cube.ide.mcu.externaltools.gnu-tools-for-stm32.9-2020-q2-update.win32_2.0.0.202105311346/tools/bin/../lib/gcc/arm-none-eabi/9.3.1/thumb/v7-m/nofp/crtbegin.o
 *(.bss*)
 .bss.g_temp_value
                0x0000000020000040        0x4 ./Core/Src/mode_manage.o
                0x0000000020000040                g_temp_value
 .bss.led_cycle_index
                0x0000000020000044        0x4 ./Core/Src/mode_manage.o
                0x0000000020000044                led_cycle_index
 .bss.fsm_manual_status
                0x0000000020000048        0x4 ./Core/Src/mode_manual.o
                0x0000000020000048                fsm_manual_status
 .bss.g_timer_countdown_NS
                0x000000002000004c        0x4 ./Core/Src/mode_normal.o
                0x000000002000004c                g_timer_countdown_NS
 .bss.g_timer_countdown_WE
                0x0000000020000050        0x4 ./Core/Src/mode_normal.o
                0x0000000020000050                g_timer_countdown_WE
 .bss.count_SCH_Update
                0x0000000020000054        0x4 ./Core/Src/schedular.o
 .bss.newTaskId
                0x0000000020000058        0x4 ./Core/Src/schedular.o
 .bss.SCH_Tasks_G
                0x000000002000005c       0x3c ./Core/Src/schedular.o
 *(COMMON)
 COMMON         0x0000000020000098       0x54 ./Core/Src/button.o
                0x0000000020000098                ButtonPool
 COMMON         0x00000000200000ec       0x48 ./Core/Src/main.o
                0x00000000200000ec                htim2
 COMMON         0x0000000020000134       0x50 ./Core/Src/software_timer.o
                0x0000000020000134                timerPool
 COMMON         0x0000000020000184        0x4 ./Drivers/STM32F1xx_HAL_Driver/Src/stm32f1xx_hal.o
                0x0000000020000184                uwTick
                0x0000000020000188                . = ALIGN (0x4)
                0x0000000020000188                _ebss = .
                0x0000000020000188                __bss_end__ = _ebss

._user_heap_stack
                0x0000000020000188      0x600 load address 0x0000000008002e48
                0x0000000020000188                . = ALIGN (0x8)
                [!provide]                        PROVIDE (end = .)
                0x0000000020000188                PROVIDE (_end = .)
                0x0000000020000388                . = (. + _Min_Heap_Size)
 *fill*         0x0000000020000188      0x200 
                0x0000000020000788                . = (. + _Min_Stack_Size)
 *fill*         0x0000000020000388      0x400 
                0x0000000020000788                . = ALIGN (0x8)

/DISCARD/
 libc.a(*)
 libm.a(*)
 libgcc.a(*)

.ARM.attributes
                0x0000000000000000       0x29
 *(.ARM.attributes)
 .ARM.attributes
                0x0000000000000000       0x1d c:/st/stm32cubeide_1.7.0/stm32cubeide/plugins/com.st.stm32cube.ide.mcu.externaltools.gnu-tools-for-stm32.9-2020-q2-update.win32_2.0.0.202105311346/tools/bin/../lib/gcc/arm-none-eabi/9.3.1/thumb/v7-m/nofp/crti.o
 .ARM.attributes
                0x000000000000001d       0x2d c:/st/stm32cubeide_1.7.0/stm32cubeide/plugins/com.st.stm32cube.ide.mcu.externaltools.gnu-tools-for-stm32.9-2020-q2-update.win32_2.0.0.202105311346/tools/bin/../lib/gcc/arm-none-eabi/9.3.1/thumb/v7-m/nofp/crtbegin.o
 .ARM.attributes
                0x000000000000004a       0x2d ./Core/Src/button.o
 .ARM.attributes
                0x0000000000000077       0x2d ./Core/Src/global.o
 .ARM.attributes
                0x00000000000000a4       0x2d ./Core/Src/light_traffic.o
 .ARM.attributes
                0x00000000000000d1       0x2d ./Core/Src/main.o
 .ARM.attributes
                0x00000000000000fe       0x2d ./Core/Src/mode_manage.o
 .ARM.attributes
                0x000000000000012b       0x2d ./Core/Src/mode_manual.o
 .ARM.attributes
                0x0000000000000158       0x2d ./Core/Src/mode_normal.o
 .ARM.attributes
                0x0000000000000185       0x2d ./Core/Src/schedular.o
 .ARM.attributes
                0x00000000000001b2       0x2d ./Core/Src/software_timer.o
 .ARM.attributes
                0x00000000000001df       0x2d ./Core/Src/stm32f1xx_hal_msp.o
 .ARM.attributes
                0x000000000000020c       0x2d ./Core/Src/stm32f1xx_it.o
 .ARM.attributes
                0x0000000000000239       0x2d ./Core/Src/system_stm32f1xx.o
 .ARM.attributes
                0x0000000000000266       0x21 ./Core/Startup/startup_stm32f103c6ux.o
 .ARM.attributes
                0x0000000000000287       0x2d ./Drivers/STM32F1xx_HAL_Driver/Src/stm32f1xx_hal.o
 .ARM.attributes
                0x00000000000002b4       0x2d ./Drivers/STM32F1xx_HAL_Driver/Src/stm32f1xx_hal_cortex.o
 .ARM.attributes
                0x00000000000002e1       0x2d ./Drivers/STM32F1xx_HAL_Driver/Src/stm32f1xx_hal_gpio.o
 .ARM.attributes
                0x000000000000030e       0x2d ./Drivers/STM32F1xx_HAL_Driver/Src/stm32f1xx_hal_rcc.o
 .ARM.attributes
                0x000000000000033b       0x2d ./Drivers/STM32F1xx_HAL_Driver/Src/stm32f1xx_hal_tim.o
 .ARM.attributes
                0x0000000000000368       0x2d ./Drivers/STM32F1xx_HAL_Driver/Src/stm32f1xx_hal_tim_ex.o
 .ARM.attributes
                0x0000000000000395       0x2d c:/st/stm32cubeide_1.7.0/stm32cubeide/plugins/com.st.stm32cube.ide.mcu.externaltools.gnu-tools-for-stm32.9-2020-q2-update.win32_2.0.0.202105311346/tools/bin/../lib/gcc/arm-none-eabi/9.3.1/../../../../arm-none-eabi/lib/thumb/v7-m/nofp\libc_nano.a(lib_a-init.o)
 .ARM.attributes
                0x00000000000003c2       0x2d c:/st/stm32cubeide_1.7.0/stm32cubeide/plugins/com.st.stm32cube.ide.mcu.externaltools.gnu-tools-for-stm32.9-2020-q2-update.win32_2.0.0.202105311346/tools/bin/../lib/gcc/arm-none-eabi/9.3.1/../../../../arm-none-eabi/lib/thumb/v7-m/nofp\libc_nano.a(lib_a-memset.o)
 .ARM.attributes
                0x00000000000003ef       0x1d c:/st/stm32cubeide_1.7.0/stm32cubeide/plugins/com.st.stm32cube.ide.mcu.externaltools.gnu-tools-for-stm32.9-2020-q2-update.win32_2.0.0.202105311346/tools/bin/../lib/gcc/arm-none-eabi/9.3.1/thumb/v7-m/nofp/crtn.o
OUTPUT(LAB3_Exercise.elf elf32-littlearm)
LOAD linker stubs
LOAD c:/st/stm32cubeide_1.7.0/stm32cubeide/plugins/com.st.stm32cube.ide.mcu.externaltools.gnu-tools-for-stm32.9-2020-q2-update.win32_2.0.0.202105311346/tools/bin/../lib/gcc/arm-none-eabi/9.3.1/../../../../arm-none-eabi/lib/thumb/v7-m/nofp\libc.a
LOAD c:/st/stm32cubeide_1.7.0/stm32cubeide/plugins/com.st.stm32cube.ide.mcu.externaltools.gnu-tools-for-stm32.9-2020-q2-update.win32_2.0.0.202105311346/tools/bin/../lib/gcc/arm-none-eabi/9.3.1/../../../../arm-none-eabi/lib/thumb/v7-m/nofp\libm.a
LOAD c:/st/stm32cubeide_1.7.0/stm32cubeide/plugins/com.st.stm32cube.ide.mcu.externaltools.gnu-tools-for-stm32.9-2020-q2-update.win32_2.0.0.202105311346/tools/bin/../lib/gcc/arm-none-eabi/9.3.1/thumb/v7-m/nofp\libgcc.a

.debug_info     0x0000000000000000     0xa8d4
 .debug_info    0x0000000000000000      0x3d2 ./Core/Src/button.o
 .debug_info    0x00000000000003d2      0x422 ./Core/Src/global.o
 .debug_info    0x00000000000007f4      0x51f ./Core/Src/light_traffic.o
 .debug_info    0x0000000000000d13      0xd7f ./Core/Src/main.o
 .debug_info    0x0000000000001a92      0x567 ./Core/Src/mode_manage.o
 .debug_info    0x0000000000001ff9      0x41e ./Core/Src/mode_manual.o
 .debug_info    0x0000000000002417      0x489 ./Core/Src/mode_normal.o
 .debug_info    0x00000000000028a0      0x5fa ./Core/Src/schedular.o
 .debug_info    0x0000000000002e9a      0x149 ./Core/Src/software_timer.o
 .debug_info    0x0000000000002fe3      0xa09 ./Core/Src/stm32f1xx_hal_msp.o
 .debug_info    0x00000000000039ec      0x7b9 ./Core/Src/stm32f1xx_it.o
 .debug_info    0x00000000000041a5      0x2be ./Core/Src/system_stm32f1xx.o
 .debug_info    0x0000000000004463       0x22 ./Core/Startup/startup_stm32f103c6ux.o
 .debug_info    0x0000000000004485      0x74c ./Drivers/STM32F1xx_HAL_Driver/Src/stm32f1xx_hal.o
 .debug_info    0x0000000000004bd1      0xbbe ./Drivers/STM32F1xx_HAL_Driver/Src/stm32f1xx_hal_cortex.o
 .debug_info    0x000000000000578f      0x701 ./Drivers/STM32F1xx_HAL_Driver/Src/stm32f1xx_hal_gpio.o
 .debug_info    0x0000000000005e90      0x893 ./Drivers/STM32F1xx_HAL_Driver/Src/stm32f1xx_hal_rcc.o
 .debug_info    0x0000000000006723     0x2c32 ./Drivers/STM32F1xx_HAL_Driver/Src/stm32f1xx_hal_tim.o
 .debug_info    0x0000000000009355     0x157f ./Drivers/STM32F1xx_HAL_Driver/Src/stm32f1xx_hal_tim_ex.o

.debug_abbrev   0x0000000000000000     0x2169
 .debug_abbrev  0x0000000000000000      0x1d8 ./Core/Src/button.o
 .debug_abbrev  0x00000000000001d8      0x141 ./Core/Src/global.o
 .debug_abbrev  0x0000000000000319      0x1c0 ./Core/Src/light_traffic.o
 .debug_abbrev  0x00000000000004d9      0x22c ./Core/Src/main.o
 .debug_abbrev  0x0000000000000705      0x1bb ./Core/Src/mode_manage.o
 .debug_abbrev  0x00000000000008c0      0x150 ./Core/Src/mode_manual.o
 .debug_abbrev  0x0000000000000a10      0x17b ./Core/Src/mode_normal.o
 .debug_abbrev  0x0000000000000b8b      0x20b ./Core/Src/schedular.o
 .debug_abbrev  0x0000000000000d96      0x127 ./Core/Src/software_timer.o
 .debug_abbrev  0x0000000000000ebd      0x1b7 ./Core/Src/stm32f1xx_hal_msp.o
 .debug_abbrev  0x0000000000001074      0x176 ./Core/Src/stm32f1xx_it.o
 .debug_abbrev  0x00000000000011ea      0x14e ./Core/Src/system_stm32f1xx.o
 .debug_abbrev  0x0000000000001338       0x12 ./Core/Startup/startup_stm32f103c6ux.o
 .debug_abbrev  0x000000000000134a      0x1ed ./Drivers/STM32F1xx_HAL_Driver/Src/stm32f1xx_hal.o
 .debug_abbrev  0x0000000000001537      0x313 ./Drivers/STM32F1xx_HAL_Driver/Src/stm32f1xx_hal_cortex.o
 .debug_abbrev  0x000000000000184a      0x1e8 ./Drivers/STM32F1xx_HAL_Driver/Src/stm32f1xx_hal_gpio.o
 .debug_abbrev  0x0000000000001a32      0x273 ./Drivers/STM32F1xx_HAL_Driver/Src/stm32f1xx_hal_rcc.o
 .debug_abbrev  0x0000000000001ca5      0x25e ./Drivers/STM32F1xx_HAL_Driver/Src/stm32f1xx_hal_tim.o
 .debug_abbrev  0x0000000000001f03      0x266 ./Drivers/STM32F1xx_HAL_Driver/Src/stm32f1xx_hal_tim_ex.o

.debug_aranges  0x0000000000000000      0xae0
 .debug_aranges
                0x0000000000000000       0x38 ./Core/Src/button.o
 .debug_aranges
                0x0000000000000038       0x28 ./Core/Src/global.o
 .debug_aranges
                0x0000000000000060       0x58 ./Core/Src/light_traffic.o
 .debug_aranges
                0x00000000000000b8       0x48 ./Core/Src/main.o
 .debug_aranges
                0x0000000000000100       0x30 ./Core/Src/mode_manage.o
 .debug_aranges
                0x0000000000000130       0x20 ./Core/Src/mode_manual.o
 .debug_aranges
                0x0000000000000150       0x28 ./Core/Src/mode_normal.o
 .debug_aranges
                0x0000000000000178       0x48 ./Core/Src/schedular.o
 .debug_aranges
                0x00000000000001c0       0x38 ./Core/Src/software_timer.o
 .debug_aranges
                0x00000000000001f8       0x30 ./Core/Src/stm32f1xx_hal_msp.o
 .debug_aranges
                0x0000000000000228       0x68 ./Core/Src/stm32f1xx_it.o
 .debug_aranges
                0x0000000000000290       0x28 ./Core/Src/system_stm32f1xx.o
 .debug_aranges
                0x00000000000002b8       0x28 ./Core/Startup/startup_stm32f103c6ux.o
 .debug_aranges
                0x00000000000002e0       0xe0 ./Drivers/STM32F1xx_HAL_Driver/Src/stm32f1xx_hal.o
 .debug_aranges
                0x00000000000003c0      0x100 ./Drivers/STM32F1xx_HAL_Driver/Src/stm32f1xx_hal_cortex.o
 .debug_aranges
                0x00000000000004c0       0x58 ./Drivers/STM32F1xx_HAL_Driver/Src/stm32f1xx_hal_gpio.o
 .debug_aranges
                0x0000000000000518       0x90 ./Drivers/STM32F1xx_HAL_Driver/Src/stm32f1xx_hal_rcc.o
 .debug_aranges
                0x00000000000005a8      0x3d0 ./Drivers/STM32F1xx_HAL_Driver/Src/stm32f1xx_hal_tim.o
 .debug_aranges
                0x0000000000000978      0x168 ./Drivers/STM32F1xx_HAL_Driver/Src/stm32f1xx_hal_tim_ex.o

.debug_ranges   0x0000000000000000      0x9b8
 .debug_ranges  0x0000000000000000       0x28 ./Core/Src/button.o
 .debug_ranges  0x0000000000000028       0x18 ./Core/Src/global.o
 .debug_ranges  0x0000000000000040       0x48 ./Core/Src/light_traffic.o
 .debug_ranges  0x0000000000000088       0x38 ./Core/Src/main.o
 .debug_ranges  0x00000000000000c0       0x20 ./Core/Src/mode_manage.o
 .debug_ranges  0x00000000000000e0       0x10 ./Core/Src/mode_manual.o
 .debug_ranges  0x00000000000000f0       0x18 ./Core/Src/mode_normal.o
 .debug_ranges  0x0000000000000108       0x38 ./Core/Src/schedular.o
 .debug_ranges  0x0000000000000140       0x28 ./Core/Src/software_timer.o
 .debug_ranges  0x0000000000000168       0x20 ./Core/Src/stm32f1xx_hal_msp.o
 .debug_ranges  0x0000000000000188       0x58 ./Core/Src/stm32f1xx_it.o
 .debug_ranges  0x00000000000001e0       0x18 ./Core/Src/system_stm32f1xx.o
 .debug_ranges  0x00000000000001f8       0x20 ./Core/Startup/startup_stm32f103c6ux.o
 .debug_ranges  0x0000000000000218       0xd0 ./Drivers/STM32F1xx_HAL_Driver/Src/stm32f1xx_hal.o
 .debug_ranges  0x00000000000002e8       0xf0 ./Drivers/STM32F1xx_HAL_Driver/Src/stm32f1xx_hal_cortex.o
 .debug_ranges  0x00000000000003d8       0x48 ./Drivers/STM32F1xx_HAL_Driver/Src/stm32f1xx_hal_gpio.o
 .debug_ranges  0x0000000000000420       0x80 ./Drivers/STM32F1xx_HAL_Driver/Src/stm32f1xx_hal_rcc.o
 .debug_ranges  0x00000000000004a0      0x3c0 ./Drivers/STM32F1xx_HAL_Driver/Src/stm32f1xx_hal_tim.o
 .debug_ranges  0x0000000000000860      0x158 ./Drivers/STM32F1xx_HAL_Driver/Src/stm32f1xx_hal_tim_ex.o

.debug_macro    0x0000000000000000    0x17293
 .debug_macro   0x0000000000000000      0x1af ./Core/Src/button.o
 .debug_macro   0x00000000000001af      0xa9c ./Core/Src/button.o
 .debug_macro   0x0000000000000c4b      0x215 ./Core/Src/button.o
 .debug_macro   0x0000000000000e60       0x2e ./Core/Src/button.o
 .debug_macro   0x0000000000000e8e       0x22 ./Core/Src/button.o
 .debug_macro   0x0000000000000eb0       0x22 ./Core/Src/button.o
 .debug_macro   0x0000000000000ed2       0x8e ./Core/Src/button.o
 .debug_macro   0x0000000000000f60       0x51 ./Core/Src/button.o
 .debug_macro   0x0000000000000fb1      0x103 ./Core/Src/button.o
 .debug_macro   0x00000000000010b4       0x6a ./Core/Src/button.o
 .debug_macro   0x000000000000111e      0x1df ./Core/Src/button.o
 .debug_macro   0x00000000000012fd       0x1c ./Core/Src/button.o
 .debug_macro   0x0000000000001319       0x22 ./Core/Src/button.o
 .debug_macro   0x000000000000133b       0xc3 ./Core/Src/button.o
 .debug_macro   0x00000000000013fe      0xd23 ./Core/Src/button.o
 .debug_macro   0x0000000000002121     0xde75 ./Core/Src/button.o
 .debug_macro   0x000000000000ff96       0x6d ./Core/Src/button.o
 .debug_macro   0x0000000000010003     0x34a2 ./Core/Src/button.o
 .debug_macro   0x00000000000134a5      0x174 ./Core/Src/button.o
 .debug_macro   0x0000000000013619       0x5c ./Core/Src/button.o
 .debug_macro   0x0000000000013675      0x5bc ./Core/Src/button.o
 .debug_macro   0x0000000000013c31      0x1b7 ./Core/Src/button.o
 .debug_macro   0x0000000000013de8      0x1cb ./Core/Src/button.o
 .debug_macro   0x0000000000013fb3      0x114 ./Core/Src/button.o
 .debug_macro   0x00000000000140c7      0x1b2 ./Core/Src/button.o
 .debug_macro   0x0000000000014279       0x27 ./Core/Src/button.o
 .debug_macro   0x00000000000142a0      0x12f ./Core/Src/button.o
 .debug_macro   0x00000000000143cf      0x1bc ./Core/Src/button.o
 .debug_macro   0x000000000001458b       0x34 ./Core/Src/button.o
 .debug_macro   0x00000000000145bf       0x3c ./Core/Src/button.o
 .debug_macro   0x00000000000145fb       0x57 ./Core/Src/button.o
 .debug_macro   0x0000000000014652       0x87 ./Core/Src/button.o
 .debug_macro   0x00000000000146d9      0x183 ./Core/Src/button.o
 .debug_macro   0x000000000001485c      0x140 ./Core/Src/button.o
 .debug_macro   0x000000000001499c      0x8ed ./Core/Src/button.o
 .debug_macro   0x0000000000015289       0x69 ./Core/Src/button.o
 .debug_macro   0x00000000000152f2       0xc4 ./Core/Src/button.o
 .debug_macro   0x00000000000153b6       0x2e ./Core/Src/button.o
 .debug_macro   0x00000000000153e4      0x1fa ./Core/Src/global.o
 .debug_macro   0x00000000000155de       0x16 ./Core/Src/global.o
 .debug_macro   0x00000000000155f4       0x58 ./Core/Src/global.o
 .debug_macro   0x000000000001564c       0x22 ./Core/Src/global.o
 .debug_macro   0x000000000001566e       0x16 ./Core/Src/global.o
 .debug_macro   0x0000000000015684       0x5e ./Core/Src/global.o
 .debug_macro   0x00000000000156e2      0x20e ./Core/Src/light_traffic.o
 .debug_macro   0x00000000000158f0       0x52 ./Core/Src/light_traffic.o
 .debug_macro   0x0000000000015942       0x1c ./Core/Src/light_traffic.o
 .debug_macro   0x000000000001595e      0x1fe ./Core/Src/main.o
 .debug_macro   0x0000000000015b5c      0x1fe ./Core/Src/mode_manage.o
 .debug_macro   0x0000000000015d5a      0x204 ./Core/Src/mode_manual.o
 .debug_macro   0x0000000000015f5e      0x204 ./Core/Src/mode_normal.o
 .debug_macro   0x0000000000016162      0x1fe ./Core/Src/schedular.o
 .debug_macro   0x0000000000016360       0x1a ./Core/Src/software_timer.o
 .debug_macro   0x000000000001637a      0x1a6 ./Core/Src/stm32f1xx_hal_msp.o
 .debug_macro   0x0000000000016520      0x1b0 ./Core/Src/stm32f1xx_it.o
 .debug_macro   0x00000000000166d0      0x197 ./Core/Src/system_stm32f1xx.o
 .debug_macro   0x0000000000016867      0x1bb ./Drivers/STM32F1xx_HAL_Driver/Src/stm32f1xx_hal.o
 .debug_macro   0x0000000000016a22      0x197 ./Drivers/STM32F1xx_HAL_Driver/Src/stm32f1xx_hal_cortex.o
 .debug_macro   0x0000000000016bb9      0x202 ./Drivers/STM32F1xx_HAL_Driver/Src/stm32f1xx_hal_gpio.o
 .debug_macro   0x0000000000016dbb      0x1a9 ./Drivers/STM32F1xx_HAL_Driver/Src/stm32f1xx_hal_rcc.o
 .debug_macro   0x0000000000016f64      0x198 ./Drivers/STM32F1xx_HAL_Driver/Src/stm32f1xx_hal_tim.o
 .debug_macro   0x00000000000170fc      0x197 ./Drivers/STM32F1xx_HAL_Driver/Src/stm32f1xx_hal_tim_ex.o

.debug_line     0x0000000000000000     0xcbaf
 .debug_line    0x0000000000000000      0x7ae ./Core/Src/button.o
 .debug_line    0x00000000000007ae      0x6f0 ./Core/Src/global.o
 .debug_line    0x0000000000000e9e      0x7e7 ./Core/Src/light_traffic.o
 .debug_line    0x0000000000001685      0x7fe ./Core/Src/main.o
 .debug_line    0x0000000000001e83      0x854 ./Core/Src/mode_manage.o
 .debug_line    0x00000000000026d7      0x750 ./Core/Src/mode_manual.o
 .debug_line    0x0000000000002e27      0x7a4 ./Core/Src/mode_normal.o
 .debug_line    0x00000000000035cb      0x94e ./Core/Src/schedular.o
 .debug_line    0x0000000000003f19      0x10f ./Core/Src/software_timer.o
 .debug_line    0x0000000000004028      0x6a1 ./Core/Src/stm32f1xx_hal_msp.o
 .debug_line    0x00000000000046c9      0x73f ./Core/Src/stm32f1xx_it.o
 .debug_line    0x0000000000004e08      0x6e3 ./Core/Src/system_stm32f1xx.o
 .debug_line    0x00000000000054eb       0x86 ./Core/Startup/startup_stm32f103c6ux.o
 .debug_line    0x0000000000005571      0x910 ./Drivers/STM32F1xx_HAL_Driver/Src/stm32f1xx_hal.o
 .debug_line    0x0000000000005e81      0xaf8 ./Drivers/STM32F1xx_HAL_Driver/Src/stm32f1xx_hal_cortex.o
 .debug_line    0x0000000000006979      0x993 ./Drivers/STM32F1xx_HAL_Driver/Src/stm32f1xx_hal_gpio.o
 .debug_line    0x000000000000730c      0xd1c ./Drivers/STM32F1xx_HAL_Driver/Src/stm32f1xx_hal_rcc.o
 .debug_line    0x0000000000008028     0x3361 ./Drivers/STM32F1xx_HAL_Driver/Src/stm32f1xx_hal_tim.o
 .debug_line    0x000000000000b389     0x1826 ./Drivers/STM32F1xx_HAL_Driver/Src/stm32f1xx_hal_tim_ex.o

.debug_str      0x0000000000000000    0x8296b
 .debug_str     0x0000000000000000    0x7f83e ./Core/Src/button.o
                                      0x7fb8d (size before relaxing)
 .debug_str     0x000000000007f83e      0x523 ./Core/Src/global.o
                                      0x80059 (size before relaxing)
 .debug_str     0x000000000007fd61       0xaa ./Core/Src/light_traffic.o
                                      0x800da (size before relaxing)
 .debug_str     0x000000000007fe0b      0x6df ./Core/Src/main.o
                                      0x807db (size before relaxing)
 .debug_str     0x00000000000804ea       0x86 ./Core/Src/mode_manage.o
                                      0x800d2 (size before relaxing)
 .debug_str     0x0000000000080570       0x2e ./Core/Src/mode_manual.o
                                      0x8005e (size before relaxing)
 .debug_str     0x000000000008059e       0x39 ./Core/Src/mode_normal.o
                                      0x80069 (size before relaxing)
 .debug_str     0x00000000000805d7       0xf5 ./Core/Src/schedular.o
                                      0x8013f (size before relaxing)
 .debug_str     0x00000000000806cc       0x53 ./Core/Src/software_timer.o
                                       0x2dff (size before relaxing)
 .debug_str     0x000000000008071f      0x2ba ./Core/Src/stm32f1xx_hal_msp.o
                                      0x80253 (size before relaxing)
 .debug_str     0x00000000000809d9       0xcd ./Core/Src/stm32f1xx_it.o
                                      0x7ffb5 (size before relaxing)
 .debug_str     0x0000000000080aa6       0x52 ./Core/Src/system_stm32f1xx.o
                                      0x7f761 (size before relaxing)
 .debug_str     0x0000000000080af8       0x36 ./Core/Startup/startup_stm32f103c6ux.o
                                         0x55 (size before relaxing)
 .debug_str     0x0000000000080b2e      0x304 ./Drivers/STM32F1xx_HAL_Driver/Src/stm32f1xx_hal.o
                                      0x7fdb8 (size before relaxing)
 .debug_str     0x0000000000080e32      0x300 ./Drivers/STM32F1xx_HAL_Driver/Src/stm32f1xx_hal_cortex.o
                                      0x7fdc0 (size before relaxing)
 .debug_str     0x0000000000081132      0x31e ./Drivers/STM32F1xx_HAL_Driver/Src/stm32f1xx_hal_gpio.o
                                      0x7fb25 (size before relaxing)
 .debug_str     0x0000000000081450      0x24f ./Drivers/STM32F1xx_HAL_Driver/Src/stm32f1xx_hal_rcc.o
                                      0x7fb5e (size before relaxing)
 .debug_str     0x000000000008169f      0xdde ./Drivers/STM32F1xx_HAL_Driver/Src/stm32f1xx_hal_tim.o
                                      0x80b47 (size before relaxing)
 .debug_str     0x000000000008247d      0x4ee ./Drivers/STM32F1xx_HAL_Driver/Src/stm32f1xx_hal_tim_ex.o
                                      0x802e8 (size before relaxing)

.comment        0x0000000000000000       0x53
 .comment       0x0000000000000000       0x53 ./Core/Src/button.o
                                         0x54 (size before relaxing)
 .comment       0x0000000000000053       0x54 ./Core/Src/global.o
 .comment       0x0000000000000053       0x54 ./Core/Src/light_traffic.o
 .comment       0x0000000000000053       0x54 ./Core/Src/main.o
 .comment       0x0000000000000053       0x54 ./Core/Src/mode_manage.o
 .comment       0x0000000000000053       0x54 ./Core/Src/mode_manual.o
 .comment       0x0000000000000053       0x54 ./Core/Src/mode_normal.o
 .comment       0x0000000000000053       0x54 ./Core/Src/schedular.o
 .comment       0x0000000000000053       0x54 ./Core/Src/software_timer.o
 .comment       0x0000000000000053       0x54 ./Core/Src/stm32f1xx_hal_msp.o
 .comment       0x0000000000000053       0x54 ./Core/Src/stm32f1xx_it.o
 .comment       0x0000000000000053       0x54 ./Core/Src/system_stm32f1xx.o
 .comment       0x0000000000000053       0x54 ./Drivers/STM32F1xx_HAL_Driver/Src/stm32f1xx_hal.o
 .comment       0x0000000000000053       0x54 ./Drivers/STM32F1xx_HAL_Driver/Src/stm32f1xx_hal_cortex.o
 .comment       0x0000000000000053       0x54 ./Drivers/STM32F1xx_HAL_Driver/Src/stm32f1xx_hal_gpio.o
 .comment       0x0000000000000053       0x54 ./Drivers/STM32F1xx_HAL_Driver/Src/stm32f1xx_hal_rcc.o
 .comment       0x0000000000000053       0x54 ./Drivers/STM32F1xx_HAL_Driver/Src/stm32f1xx_hal_tim.o
 .comment       0x0000000000000053       0x54 ./Drivers/STM32F1xx_HAL_Driver/Src/stm32f1xx_hal_tim_ex.o

.debug_frame    0x0000000000000000     0x2a5c
 .debug_frame   0x0000000000000000       0xb0 ./Core/Src/button.o
 .debug_frame   0x00000000000000b0       0x48 ./Core/Src/global.o
 .debug_frame   0x00000000000000f8      0x118 ./Core/Src/light_traffic.o
 .debug_frame   0x0000000000000210       0xd4 ./Core/Src/main.o
 .debug_frame   0x00000000000002e4       0x78 ./Core/Src/mode_manage.o
 .debug_frame   0x000000000000035c       0x2c ./Core/Src/mode_manual.o
 .debug_frame   0x0000000000000388       0x50 ./Core/Src/mode_normal.o
 .debug_frame   0x00000000000003d8       0xe4 ./Core/Src/schedular.o
 .debug_frame   0x00000000000004bc       0xb0 ./Core/Src/software_timer.o
 .debug_frame   0x000000000000056c       0x80 ./Core/Src/stm32f1xx_hal_msp.o
 .debug_frame   0x00000000000005ec      0x120 ./Core/Src/stm32f1xx_it.o
 .debug_frame   0x000000000000070c       0x58 ./Core/Src/system_stm32f1xx.o
 .debug_frame   0x0000000000000764      0x334 ./Drivers/STM32F1xx_HAL_Driver/Src/stm32f1xx_hal.o
 .debug_frame   0x0000000000000a98      0x428 ./Drivers/STM32F1xx_HAL_Driver/Src/stm32f1xx_hal_cortex.o
 .debug_frame   0x0000000000000ec0      0x14c ./Drivers/STM32F1xx_HAL_Driver/Src/stm32f1xx_hal_gpio.o
 .debug_frame   0x000000000000100c      0x218 ./Drivers/STM32F1xx_HAL_Driver/Src/stm32f1xx_hal_rcc.o
 .debug_frame   0x0000000000001224     0x11b4 ./Drivers/STM32F1xx_HAL_Driver/Src/stm32f1xx_hal_tim.o
 .debug_frame   0x00000000000023d8      0x638 ./Drivers/STM32F1xx_HAL_Driver/Src/stm32f1xx_hal_tim_ex.o
 .debug_frame   0x0000000000002a10       0x2c c:/st/stm32cubeide_1.7.0/stm32cubeide/plugins/com.st.stm32cube.ide.mcu.externaltools.gnu-tools-for-stm32.9-2020-q2-update.win32_2.0.0.202105311346/tools/bin/../lib/gcc/arm-none-eabi/9.3.1/../../../../arm-none-eabi/lib/thumb/v7-m/nofp\libc_nano.a(lib_a-init.o)
 .debug_frame   0x0000000000002a3c       0x20 c:/st/stm32cubeide_1.7.0/stm32cubeide/plugins/com.st.stm32cube.ide.mcu.externaltools.gnu-tools-for-stm32.9-2020-q2-update.win32_2.0.0.202105311346/tools/bin/../lib/gcc/arm-none-eabi/9.3.1/../../../../arm-none-eabi/lib/thumb/v7-m/nofp\libc_nano.a(lib_a-memset.o)
